Loading pytorch-gpu/py3/2.8.0
  Loading requirement: gcc/11.5.0 cuda/12.8.0 openmpi/4.1.6-cuda
    nccl/2.27.3-1-cuda cudnn/9.10.2.21-12-cuda intel-oneapi-mkl/2024.1
    magma/2.9.0-cuda sox/14.4.2 ffmpeg/6.1.1-cuda hdf5/1.12.0-mpi-cuda
    libjpeg-turbo/2.1.3 libpng/1.6.37 libwebp/1.2.2 graphviz/2.49.0
fineqcomp: r1_distill_qwen_1_5b/numina_math_cot_smoke/11/4096: only 96.88% of training rows keep their answer within max_length 4096, below the required 99.00%
Traceback (most recent call last):
  File "<frozen runpy>", line 198, in _run_module_as_main
  File "<frozen runpy>", line 88, in _run_code
  File "/lustre/fswork/projects/rech/fas/uul94gf/fineQComp/src/fineqcomp/__main__.py", line 5, in <module>
    main()
  File "/lustre/fswork/projects/rech/fas/uul94gf/fineQComp/src/fineqcomp/progress_cli.py", line 11, in main
    _main(argv)
  File "/lustre/fswork/projects/rech/fas/uul94gf/fineQComp/src/fineqcomp/cli.py", line 867, in main
    status = args.func(args)
             ^^^^^^^^^^^^^^^
  File "/lustre/fswork/projects/rech/fas/uul94gf/fineQComp/src/fineqcomp/cli.py", line 544, in _preflight
    "answer_retention": validate_answer_retention(
                        ^^^^^^^^^^^^^^^^^^^^^^^^^^
  File "/lustre/fswork/projects/rech/fas/uul94gf/fineQComp/src/fineqcomp/preflight.py", line 320, in validate_answer_retention
    raise ValueError(
ValueError: r1_distill_qwen_1_5b/numina_math_cot_smoke/11/4096: only 96.88% of training rows keep their answer within max_length 4096, below the required 99.00%
